Eingelesene Wörter: 
HUND, DAMPF, 
FEDER

Rätsel nicht versteckt
        
HUND    
   A    
   M    
   P    
   FEDER

Rätsel versteckt
YRKHYWYB
HUNDLOXZ
GGUABRWP
EFEMRAMX
QBWPQHBL
YCZFEDER

Kompaktheitsmaß: 40
