Eingelesene Wörter: 
RECHT, 
BERECHTIGUNG

Rätsel nicht versteckt
            
BERECHTIGUNG

Rätsel versteckt
UAWDVMTJXLLG
BERECHTIGUNG

Kompaktheitsmaß: 24
