Eingelesene Wörter: 
MYWORD, WORD, TESTWORD, 
TEEWORD

Rätsel nicht versteckt
  TT  
  EE  
  SE  
  TW  
MYWORD
  OR  
  RD  
  D   

Rätsel versteckt
UUTTAD
EHEEQS
HDSEAX
LXTWFN
MYWORD
JJORKS
WYRDHU
DPDEOM

Kompaktheitsmaß: 48
