Eingelesene Wörter: 
HUND, DAMPF, 
FEDER

Rätsel nicht versteckt
            
HUNDAMPFEDER

Rätsel versteckt
GBRODDVSDWFU
HUNDAMPFEDER

Kompaktheitsmaß: 24
