Eingelesene Wörter: 
MYWORD, WORD, TESTWORD, 
TEEWORD

Rätsel nicht versteckt
     W  
TESTWORD
TEEWORD 
MYWORD  

Rätsel versteckt
DWONOWHK
TESTWORD
TEEWORDY
MYWORDVF

Kompaktheitsmaß: 32
