; BESSER ALS 49

Eingelesene Wörter: 
JAHRRAUM, WAUTOA, BAUMKU, HRSWATS, UMILUE, HAHNTEE, 
NDART

Rätsel nicht versteckt
     N    
     D    
   W A B  
  JAHRRAUM
   URT UM 
   TS  MI 
   OW  KL 
   AA  UU 
HAHNTEE E 
    S     

Rätsel versteckt
UPOOXNOOJK
PRRWPDGIZF
CHYWMAMBAY
YZJAHRRAUM
WBTURTFUMO
VQSTSREMIG
CPLOWWNKLP
CDSAACFUUY
HAHNTEEAES
ALDFSSTXOT

Kompaktheitsmaß: 100
