; Extrem viele Wort
;Programmierung
;Zeit
;Konzentration
;Rechnen
;Ergebnis
;Integral
;Stochastik
;Statistik
;Haus


In der Datei sind keine Worte enthalten
