Eingelesene Wörter: 
RECHT, 
BERECHTIGUNG

Rätsel nicht versteckt
 B   
RECHT
 R   
 E   
 C   
 H   
 T   
 I   
 G   
 U   
 N   
 G   

Rätsel versteckt
GBQVT
RECHT
JRCNF
HEVYZ
WCNOL
VHQWU
RTRXS
YIANL
SGJYB
VUFFE
QNCHV
XGTAH

Kompaktheitsmaß: 60
